{
  "version": "1.5.0",
  "plugins_used": [
    {
      "name": "ArtifactoryDetector"
    },
    {
      "name": "AWSKeyDetector"
    },
    {
      "name": "AzureStorageKeyDetector"
    },
    {
      "name": "Base64HighEntropyString",
      "limit": 4.5
    },
    {
      "name": "BasicAuthDetector"
    },
    {
      "name": "CloudantDetector"
    },
    {
      "name": "DiscordBotTokenDetector"
    },
    {
      "name": "GitHubTokenDetector"
    },
    {
      "name": "GitLabTokenDetector"
    },
    {
      "name": "HexHighEntropyString",
      "limit": 3.0
    },
    {
      "name": "IbmCloudIamDetector"
    },
    {
      "name": "IbmCosHmacDetector"
    },
    {
      "name": "IPPublicDetector"
    },
    {
      "name": "JwtTokenDetector"
    },
    {
      "name": "KeywordDetector",
      "keyword_exclude": ""
    },
    {
      "name": "MailchimpDetector"
    },
    {
      "name": "NpmDetector"
    },
    {
      "name": "OpenAIDetector"
    },
    {
      "name": "PrivateKeyDetector"
    },
    {
      "name": "PypiTokenDetector"
    },
    {
      "name": "SendGridDetector"
    },
    {
      "name": "SlackDetector"
    },
    {
      "name": "SoftlayerDetector"
    },
    {
      "name": "SquareOAuthDetector"
    },
    {
      "name": "StripeDetector"
    },
    {
      "name": "TelegramBotTokenDetector"
    },
    {
      "name": "TwilioKeyDetector"
    }
  ],
  "filters_used": [
    {
      "path": "detect_secrets.filters.allowlist.is_line_allowlisted"
    },
    {
      "path": "detect_secrets.filters.common.is_ignored_due_to_verification_policies",
      "min_level": 2
    },
    {
      "path": "detect_secrets.filters.heuristic.is_indirect_reference"
    },
    {
      "path": "detect_secrets.filters.heuristic.is_likely_id_string"
    },
    {
      "path": "detect_secrets.filters.heuristic.is_lock_file"
    },
    {
      "path": "detect_secrets.filters.heuristic.is_not_alphanumeric_string"
    },
    {
      "path": "detect_secrets.filters.heuristic.is_potential_uuid"
    },
    {
      "path": "detect_secrets.filters.heuristic.is_prefixed_with_dollar_sign"
    },
    {
      "path": "detect_secrets.filters.heuristic.is_sequential_string"
    },
    {
      "path": "detect_secrets.filters.heuristic.is_swagger_file"
    },
    {
      "path": "detect_secrets.filters.heuristic.is_templated_secret"
    },
    {
      "path": "detect_secrets.filters.regex.should_exclude_file",
      "pattern": [
        "(^\\.git/|^\\.venv/|^data/|^export/|^uv\\.lock$|^\\.pytest_cache/|^\\.env(\\..*)?$|^\\.secrets\\.baseline$)"
      ]
    }
  ],
  "results": {
    "tests/test_db.py": [
      {
        "type": "Secret Keyword",
        "filename": "tests/test_db.py",
        "hashed_secret": "e9a5f12a8ecbb3eb46eca5096b5c52aa5e7c9fdd",
        "is_verified": false,
        "line_number": 1117
      }
    ],
    "tests/test_multi_judge.py": [
      {
        "type": "Secret Keyword",
        "filename": "tests/test_multi_judge.py",
        "hashed_secret": "ec417f567082612f8fd6afafe1abcab831fca840",
        "is_verified": false,
        "line_number": 54
      }
    ],
    "tests/test_reddit.py": [
      {
        "type": "Secret Keyword",
        "filename": "tests/test_reddit.py",
        "hashed_secret": "ec417f567082612f8fd6afafe1abcab831fca840",
        "is_verified": false,
        "line_number": 117
      }
    ],
    "tests/test_safety_gate.py": [
      {
        "type": "Secret Keyword",
        "filename": "tests/test_safety_gate.py",
        "hashed_secret": "ec417f567082612f8fd6afafe1abcab831fca840",
        "is_verified": false,
        "line_number": 33
      }
    ],
    "src/basedbench/pipeline/curation_encoder.py": [
      {
        "type": "Hex High Entropy String",
        "filename": "src/basedbench/pipeline/curation_encoder.py",
        "hashed_secret": "00d9f4e0808dbd6a8c3d74873c6f71efe1e68d89",
        "is_verified": false,
        "line_number": 15,
        "is_secret": false,
        "review_note": "Public pinned model revision, not a credential."
      }
    ],
    "tests/test_curation_checks.py": [
      {
        "type": "Secret Keyword",
        "filename": "tests/test_curation_checks.py",
        "hashed_secret": "c053ecf9ed41df0311b9df13cc6c3b6078d2d3c2",
        "is_verified": false,
        "line_number": 171,
        "is_secret": false,
        "review_note": "Stub key fake used by injected mock clients."
      }
    ],
    "tests/test_curation_llm.py": [
      {
        "type": "Secret Keyword",
        "filename": "tests/test_curation_llm.py",
        "hashed_secret": "c053ecf9ed41df0311b9df13cc6c3b6078d2d3c2",
        "is_verified": false,
        "line_number": 169,
        "is_secret": false,
        "review_note": "Stub key fake used by injected mock clients."
      }
    ],
    "tests/test_curation_value.py": [
      {
        "type": "Secret Keyword",
        "filename": "tests/test_curation_value.py",
        "hashed_secret": "3a48b39bbae967950b2c192a8a1e7245df5e094c",
        "is_verified": false,
        "line_number": 130,
        "is_secret": false,
        "review_note": "Stub key test-only used by a patched HTTP client."
      }
    ],
    "tests/test_export.py": [
      {
        "type": "Secret Keyword",
        "filename": "tests/test_export.py",
        "hashed_secret": "a94a8fe5ccb19ba61c4c0873d391e987982fbbd3",
        "is_verified": false,
        "line_number": 100,
        "is_secret": false,
        "review_note": "Literal test configuration for local fixtures."
      }
    ],
    "tests/test_predictor_isolation.py": [
      {
        "type": "Secret Keyword",
        "filename": "tests/test_predictor_isolation.py",
        "hashed_secret": "57d7d898a477cc75c107dc65040b75c6d271e339",
        "is_verified": false,
        "line_number": 143,
        "is_secret": false,
        "review_note": "Stub key meta-x used with meta.test and mocked HTTP."
      }
    ],
    "tests/test_release_report.py": [
      {
        "type": "Secret Keyword",
        "filename": "tests/test_release_report.py",
        "hashed_secret": "f2816306c6442459bb2abc453423182c1d41113f",
        "is_verified": false,
        "line_number": 74,
        "is_secret": false,
        "review_note": "Deliberate PRIVATE-HISTORICAL privacy-test sentinel in mocked evidence; not a credential."
      }
    ]
  },
  "generated_at": "2026-06-10T02:45:38Z"
}
